C:\Dev\Cases\GitHub\DrawnUi\src\Blazor\DrawnUi\Draw\SkiaLayout.Blazor.cs(135,17): error CS0103: The name 'DrawAndTrackChild' does not exist in the current context [C:\Dev\Cases\GitHub\DrawnUi\src\Blazor\DrawnUi\DrawnUi.Blazor.csproj]
C:\Dev\Cases\GitHub\DrawnUi\src\Blazor\DrawnUi\Draw\SkiaLayout.Blazor.cs(163,17): error CS0103: The name 'DrawAndTrackChild' does not exist in the current context [C:\Dev\Cases\GitHub\DrawnUi\src\Blazor\DrawnUi\DrawnUi.Blazor.csproj]
C:\Dev\Cases\GitHub\DrawnUi\src\Blazor\DrawnUi\Draw\SkiaLayout.Blazor.cs(182,17): error CS0103: The name 'DrawAndTrackChild' does not exist in the current context [C:\Dev\Cases\GitHub\DrawnUi\src\Blazor\DrawnUi\DrawnUi.Blazor.csproj]

Build FAILED.
    782 Warning(s)
    3 Error(s)

Time Elapsed 00:00:03.05
